Diagnose log at 2026-07-24T12:39:30Z

AppPath: C:\Program Files\Git\mingw64\bin\git-credential-manager.exe
InstallDir: C:\Program Files\Git\mingw64\bin\
Version: 2.5.0+d34930736e131ad80e5690e5634ced1808aff3e2

------------
Diagnostic: Environment
Skipped: False
Success: True
Exception: None
Log:
OSType: Windows
OSVersion: 10.0 (build 26200)
Reading environment variables... OK
 Variables:
HOMEPATH=\Users\User
DriverData=C:\Windows\System32\Drivers\DriverData
IDEA_INITIAL_DIRECTORY=C:\Program Files\JetBrains\PyCharm Community Edition 2023.3.2\bin
TELEGRAM_TOKEN=8187043561:AAEsMEDMo9wUUR4a8UXWEKz0RFMKcpsoets
GIT_TRACE2_PARENT_SID=16cf7bae-144a-40da-af6b-6c41d1151a65
CommonProgramFiles(x86)=C:\Program Files (x86)\Common Files
OneDrive=C:\Users\User\OneDrive
TA_LIB_HOME=C:\ta-lib
SESSIONNAME=Console
EFC_7932_2775293581=1
TMP=C:\Users\User\AppData\Local\Temp
HOME=C:\Users\User
PROCESSOR_REVISION=7e05
PROCESSOR_ARCHITECTURE=x86
PATHEXT=.COM;.EXE;.BAT;.CMD;.VBS;.VBE;.JS;.JSE;.WSF;.WSH;.MSC;.CPL
TERMINAL_EMULATOR=JetBrains-JediTerm
ELEGRAM_CHAT_ID=8186767909
GIT_EXEC_PATH=C:/Program Files/Git/mingw64/libexec/git-core
JETBRAINS_INTELLIJ_COMMAND_END_MARKER=mbMaqQ8Z69QCwEVr2Sw71nZt348v5C4yNuLg0BrRvw2zERK1SkJueWegaLKHN5bx
TEMP=C:\Users\User\AppData\Local\Temp
LOCALAPPDATA=C:\Users\User\AppData\Local
MSYSTEM=MINGW64
TERM=xterm-256color
TELEGRAM_CHAT_ID=8186767909
EFC_7932_1262719628=1
ProgramData=C:\ProgramData
ADSK_CLM_WPAD_PROXY_CHECK=FALSE
ProgramFiles(x86)=C:\Program Files (x86)
ComSpec=C:\WINDOWS\system32\cmd.exe
EFC_7932_1592913036=1
Path=C:/Program Files/Git/mingw64/libexec/git-core;C:\Program Files\Git\mingw64\bin;C:\Program Files\Git\usr\bin;C:\Users\User\bin;C:\Program Files\Common Files\Oracle\Java\javapath;C:\WINDOWS\system32;C:\WINDOWS;C:\WINDOWS\System32\Wbem;C:\WINDOWS\System32\WindowsPowerShell\v1.0\;C:\WINDOWS\System32\OpenSSH\;C:\Program Files (x86)\Calibre2\;C:\Program Files\MATLAB\R2024a\runtime\win64;C:\Program Files\MATLAB\R2024a\bin;C:\Program Files\MATLAB\MATLAB Production Server\R2015a\runtime\win64;C:\Program Files\MATLAB\MATLAB Production Server\R2015a\bin;C:\Program Files\MATLAB\MATLAB Production Server\R2015a\polyspace\bin;C:\Program Files\PuTTY\;C:\Program Files\Git\cmd;C:\Users\User\.cargo\bin;C:\Users\User\AppData\Local\Programs\Python\Python313\Scripts\;C:\Users\User\AppData\Local\Programs\Python\Python313\;C:\Users\User\AppData\Local\Microsoft\WindowsApps;C:\Users\User\AppData\Local\GitHubDesktop\bin;
PROCESSOR_LEVEL=6
PROCESSOR_IDENTIFIER=Intel64 Family 6 Model 126 Stepping 5, GenuineIntel
TMPDIR=C:\Users\User\AppData\Local\Temp
EFC_7932_2283032206=1
PSModulePath=C:\Users\User\Documents\WindowsPowerShell\Modules;C:\Program Files\WindowsPowerShell\Modules;C:\WINDOWS\system32\WindowsPowerShell\v1.0\Modules
PUBLIC=C:\Users\Public
NUMBER_OF_PROCESSORS=4
BINANCE_API_SECRET=DyQJJwcl8FGh3oCaSS4OP5taNwBPx8uG8dyVOD4GpZExx52DWV6j9edDCXxsIevZ
CommonProgramFiles=C:\Program Files (x86)\Common Files
EFC_7932_3789132940=1
PLINK_PROTOCOL=ssh
COLORTERM=truecolor
MSYS=disable_pcon
ProgramFiles=C:\Program Files (x86)
USERDOMAIN=ACER3
BINANCE_API_KEY=vpx7JnPddtx7Y5V20kzf9AzJIt2V19XtkGTrTWuuMMVq9WPude9VoLAsWBdNRi9j
SystemRoot=C:\WINDOWS
TERM_SESSION_ID=f959438a-208d-4904-880b-ae12c07b044d
COMPUTERNAME=ACER3
CommonProgramW6432=C:\Program Files\Common Files
LOGONSERVER=\\ACER3
USERPROFILE=C:\Users\User
FPS_BROWSER_USER_PROFILE_STRING=Default
USERDOMAIN_ROAMINGPROFILE=ACER3
APPDATA=C:\Users\User\AppData\Roaming
HOMEDRIVE=C:
OS=Windows_NT
USERNAME=User
PROCESSOR_ARCHITEW6432=AMD64
FPS_BROWSER_APP_PROFILE_STRING=Internet Explorer
PSExecutionPolicyPreference=Bypass
LC_CTYPE=C.UTF-8
ProgramW6432=C:\Program Files
EFC_7932_4126798990=1
SystemDrive=C:
windir=C:\WINDOWS
ALLUSERSPROFILE=C:\ProgramData


------------
Diagnostic: File system
Skipped: False
Success: True
Exception: None
Log:
Temporary directory is 'C:\Users\User\AppData\Local\Temp\'...
Checking basic file I/O...
Writing to temporary file 'C:\Users\User\AppData\Local\Temp\b5454de58c0a9d55bdbf7771'... OK
Reading from temporary file 'C:\Users\User\AppData\Local\Temp\b5454de58c0a9d55bdbf7771'... OK
Deleting temporary file 'C:\Users\User\AppData\Local\Temp\b5454de58c0a9d55bdbf7771'... OK
Testing IFileSystem instance...
UserHomePath: C:\Users\User
UserDataDirectoryPath: C:\Users\User\.gcm
GetCurrentDirectory(): C:\Users\User\PycharmProjects\Digital twin

------------
Diagnostic: Networking
Skipped: False
Success: True
Exception: None
Log:
Checking networking and HTTP stack...
Creating HTTP client... OK
IsNetworkAvailable: True
Sending HEAD request to http://example.com...Sending HEAD request to https://example.com... OK
 OK
Acquiring free TCP port... OK
Testing local HTTP loopback connections...
Creating new HTTP listener for http://localhost:56427/... OK
Waiting for loopback connection... OK
Writing response... OK
Waiting for response data... OK
Loopback connection data OK

------------
Diagnostic: Git
Skipped: False
Success: True
Exception: None
Log:
Getting Git version... OK
Git version is '2.45.1.windows.1'
Locating current repository...Git repository at 'C:/Users/User/PycharmProjects/Digital twin/.git'
 OK
Listing all Git configuration... OK
Git configuration:
file:C:/Program Files/Git/etc/gitconfig	diff.astextplain.textconv=astextplain
file:C:/Program Files/Git/etc/gitconfig	filter.lfs.clean=git-lfs clean -- %f
file:C:/Program Files/Git/etc/gitconfig	filter.lfs.smudge=git-lfs smudge -- %f
file:C:/Program Files/Git/etc/gitconfig	filter.lfs.process=git-lfs filter-process
file:C:/Program Files/Git/etc/gitconfig	filter.lfs.required=true
file:C:/Program Files/Git/etc/gitconfig	http.sslbackend=openssl
file:C:/Program Files/Git/etc/gitconfig	http.sslcainfo=C:/Program Files/Git/mingw64/etc/ssl/certs/ca-bundle.crt
file:C:/Program Files/Git/etc/gitconfig	core.autocrlf=true
file:C:/Program Files/Git/etc/gitconfig	core.fscache=true
file:C:/Program Files/Git/etc/gitconfig	core.symlinks=false
file:C:/Program Files/Git/etc/gitconfig	pull.rebase=false
file:C:/Program Files/Git/etc/gitconfig	credential.helper=manager
file:C:/Program Files/Git/etc/gitconfig	credential.https://dev.azure.com.usehttppath=true
file:C:/Program Files/Git/etc/gitconfig	init.defaultbranch=master
file:C:/Users/User/.gitconfig	user.name=Georgi Krasimirov Sotirov
file:C:/Users/User/.gitconfig	user.email=129602817+Georgi-K-Sotirov@users.noreply.github.com
file:C:/Users/User/.gitconfig	filter.lfs.clean=git-lfs clean -- %f
file:C:/Users/User/.gitconfig	filter.lfs.smudge=git-lfs smudge -- %f
file:C:/Users/User/.gitconfig	filter.lfs.process=git-lfs filter-process
file:C:/Users/User/.gitconfig	filter.lfs.required=true
file:.git/config	core.repositoryformatversion=0
file:.git/config	core.filemode=false
file:.git/config	core.bare=false
file:.git/config	core.logallrefupdates=true
file:.git/config	core.symlinks=false
file:.git/config	core.ignorecase=true
file:.git/config	remote.origin.url=https://github.com/Georgi-K-Sotirov/digitaltwin.git
file:.git/config	remote.origin.fetch=+refs/heads/*:refs/remotes/origin/*


------------
Diagnostic: Credential storage
Skipped: False
Success: True
Exception: None
Log:
ICredentialStore instance is of type: CredentialStore
Writing test credential... OK
Reading test credential... OK
Deleting test credential... OK

------------
Diagnostic: Microsoft authentication (AAD/MSA)
Skipped: False
Success: True
Exception: None
Log:
Broker is not enabled.
Flow type is: Auto
Gathering MSAL token cache data... OK
CacheDirectory: C:\Users\User\AppData\Local\.IdentityService
CacheFileName: msal.cache
CacheFilePath: C:\Users\User\AppData\Local\.IdentityService\msal.cache
Creating cache helper... OK
Verifying MSAL token cache persistence... OK

------------
Diagnostic: GitHub API
Skipped: False
Success: True
Exception: None
Log:
Using 'https://github.com/' as API target.
Querying '/meta' endpoint... OK

